0 verbose cli /usr/bin/node /usr/bin/npm
1 info using npm@10.8.2
2 info using node@v20.20.2
3 silly config load:file:/usr/lib/node_modules/npm/npmrc
4 silly config load:file:/home/user/.npmrc
5 silly config load:file:/usr/etc/npmrc
6 verbose title npm install
7 verbose argv "install" "--legacy-peer-deps"
8 verbose logfile logs-max:10 dir:/home/user/.npm/_logs/2026-08-08T12_49_05_251Z-
9 verbose logfile /home/user/.npm/_logs/2026-08-08T12_49_05_251Z-debug-0.log
10 silly packumentCache heap:998768640 maxSize:249692160 maxEntrySize:124846080
11 silly logfile done cleaning log files
12 silly idealTree buildDeps
13 silly fetch manifest @google/genai@^0.1.2
14 silly packumentCache full:https://registry.npmjs.org/@google%2fgenai cache-miss
15 http fetch GET 200 https://registry.npmjs.org/@google%2fgenai 14ms (cache hit)
16 silly packumentCache full:https://registry.npmjs.org/@google%2fgenai set size:525567 disposed:false
17 silly fetch manifest dotenv@^16.4.7
18 silly packumentCache full:https://registry.npmjs.org/dotenv cache-miss
19 http fetch GET 200 https://registry.npmjs.org/dotenv 4ms (cache hit)
20 silly packumentCache full:https://registry.npmjs.org/dotenv set size:277802 disposed:false
21 silly fetch manifest express@^4.21.2
22 silly packumentCache full:https://registry.npmjs.org/express cache-miss
23 http fetch GET 200 https://registry.npmjs.org/express 4ms (cache hit)
24 silly packumentCache full:https://registry.npmjs.org/express set size:804956 disposed:false
25 silly fetch manifest framer-motion@^12.4.7
26 silly packumentCache full:https://registry.npmjs.org/framer-motion cache-miss
27 http fetch GET 200 https://registry.npmjs.org/framer-motion 24ms (cache hit)
28 silly packumentCache full:https://registry.npmjs.org/framer-motion set size:10039923 disposed:false
29 silly fetch manifest lucide-react@^0.475.0
30 silly packumentCache full:https://registry.npmjs.org/lucide-react cache-miss
31 http fetch GET 200 https://registry.npmjs.org/lucide-react 8ms (cache hit)
32 silly packumentCache full:https://registry.npmjs.org/lucide-react set size:2309362 disposed:false
33 silly fetch manifest multer@^1.4.5-lts.1
34 silly packumentCache full:https://registry.npmjs.org/multer cache-miss
35 http fetch GET 200 https://registry.npmjs.org/multer 3ms (cache hit)
36 silly packumentCache full:https://registry.npmjs.org/multer set size:156441 disposed:false
37 silly fetch manifest @types/multer@^1.4.12
38 silly packumentCache full:https://registry.npmjs.org/@types%2fmulter cache-miss
39 http fetch GET 200 https://registry.npmjs.org/@types%2fmulter 2ms (cache hit)
40 silly packumentCache full:https://registry.npmjs.org/@types%2fmulter set size:87954 disposed:false
41 silly fetch manifest @types/node@^22.13.4
42 silly packumentCache full:https://registry.npmjs.org/@types%2fnode cache-miss
43 http fetch GET 200 https://registry.npmjs.org/@types%2fnode 26ms (cache hit)
44 silly packumentCache full:https://registry.npmjs.org/@types%2fnode set size:11088606 disposed:false
45 silly fetch manifest @vitejs/plugin-react@^4.3.4
46 silly packumentCache full:https://registry.npmjs.org/@vitejs%2fplugin-react cache-miss
47 http fetch GET 200 https://registry.npmjs.org/@vitejs%2fplugin-react 4ms (cache hit)
48 silly packumentCache full:https://registry.npmjs.org/@vitejs%2fplugin-react set size:276693 disposed:false
49 silly fetch manifest typescript@^5.7.3
50 silly packumentCache full:https://registry.npmjs.org/typescript cache-miss
51 http fetch GET 200 https://registry.npmjs.org/typescript 349ms (cache miss)
52 silly packumentCache full:https://registry.npmjs.org/typescript set size:undefined disposed:false
53 silly placeDep ROOT @google/genai@ REPLACE for: impactos@1.0.0 want: ^0.1.2
54 silly placeDep ROOT @types/multer@1.4.13 REPLACE for: impactos@1.0.0 want: ^1.4.12
55 silly placeDep ROOT @types/node@22.20.1 REPLACE for: impactos@1.0.0 want: ^22.13.4
56 silly placeDep ROOT @vitejs/plugin-react@4.7.0 REPLACE for: impactos@1.0.0 want: ^4.3.4
57 silly placeDep ROOT dotenv@16.6.1 REPLACE for: impactos@1.0.0 want: ^16.4.7
58 silly placeDep ROOT express@4.22.2 REPLACE for: impactos@1.0.0 want: ^4.21.2
59 silly placeDep ROOT framer-motion@12.43.0 REPLACE for: impactos@1.0.0 want: ^12.4.7
60 silly placeDep ROOT lucide-react@0.475.0 REPLACE for: impactos@1.0.0 want: ^0.475.0
61 silly placeDep ROOT multer@1.4.5-lts.2 REPLACE for: impactos@1.0.0 want: ^1.4.5-lts.1
62 silly placeDep ROOT typescript@5.9.3 REPLACE for: impactos@1.0.0 want: ^5.7.3
63 silly fetch manifest undici-types@~6.21.0
64 silly packumentCache full:https://registry.npmjs.org/undici-types cache-miss
65 http fetch GET 200 https://registry.npmjs.org/undici-types 30ms (cache miss)
66 silly packumentCache full:https://registry.npmjs.org/undici-types set size:undefined disposed:false
67 silly fetch manifest @babel/core@^7.28.0
68 silly packumentCache full:https://registry.npmjs.org/@babel%2fcore cache-miss
69 http fetch GET 200 https://registry.npmjs.org/@babel%2fcore 48ms (cache miss)
70 silly packumentCache full:https://registry.npmjs.org/@babel%2fcore set size:undefined disposed:false
71 silly fetch manifest react-refresh@^0.17.0
72 silly packumentCache full:https://registry.npmjs.org/react-refresh cache-miss
73 http fetch GET 200 https://registry.npmjs.org/react-refresh 140ms (cache miss)
74 silly packumentCache full:https://registry.npmjs.org/react-refresh set size:undefined disposed:false
75 silly fetch manifest @types/babel__core@^7.20.5
76 silly packumentCache full:https://registry.npmjs.org/@types%2fbabel__core cache-miss
77 http fetch GET 200 https://registry.npmjs.org/@types%2fbabel__core 30ms (cache miss)
78 silly packumentCache full:https://registry.npmjs.org/@types%2fbabel__core set size:undefined disposed:false
79 silly fetch manifest @rolldown/pluginutils@1.0.0-beta.27
80 silly packumentCache full:https://registry.npmjs.org/@rolldown%2fpluginutils cache-miss
81 http fetch GET 200 https://registry.npmjs.org/@rolldown%2fpluginutils 35ms (cache miss)
82 silly packumentCache full:https://registry.npmjs.org/@rolldown%2fpluginutils set size:undefined disposed:false
83 silly fetch manifest @babel/plugin-transform-react-jsx-self@^7.27.1
84 silly packumentCache full:https://registry.npmjs.org/@babel%2fplugin-transform-react-jsx-self cache-miss
85 http fetch GET 200 https://registry.npmjs.org/@babel%2fplugin-transform-react-jsx-self 39ms (cache miss)
86 silly packumentCache full:https://registry.npmjs.org/@babel%2fplugin-transform-react-jsx-self set size:undefined disposed:false
87 silly fetch manifest @babel/plugin-transform-react-jsx-source@^7.27.1
88 silly packumentCache full:https://registry.npmjs.org/@babel%2fplugin-transform-react-jsx-source cache-miss
89 http fetch GET 200 https://registry.npmjs.org/@babel%2fplugin-transform-react-jsx-source 31ms (cache miss)
90 silly packumentCache full:https://registry.npmjs.org/@babel%2fplugin-transform-react-jsx-source set size:undefined disposed:false
91 silly fetch manifest qs@~6.15.1
92 silly packumentCache full:https://registry.npmjs.org/qs cache-miss
93 http fetch GET 200 https://registry.npmjs.org/qs 34ms (cache miss)
94 silly packumentCache full:https://registry.npmjs.org/qs set size:undefined disposed:false
95 silly fetch manifest depd@2.0.0
96 silly packumentCache full:https://registry.npmjs.org/depd cache-miss
97 http fetch GET 200 https://registry.npmjs.org/depd 22ms (cache miss)
98 silly packumentCache full:https://registry.npmjs.org/depd set size:undefined disposed:false
99 silly fetch manifest etag@~1.8.1
100 silly packumentCache full:https://registry.npmjs.org/etag cache-miss
101 http fetch GET 200 https://registry.npmjs.org/etag 21ms (cache miss)
102 silly packumentCache full:https://registry.npmjs.org/etag set size:undefined disposed:false
103 silly fetch manifest send@~0.19.0
104 silly packumentCache full:https://registry.npmjs.org/send cache-miss
105 http fetch GET 200 https://registry.npmjs.org/send 25ms (cache miss)
106 silly packumentCache full:https://registry.npmjs.org/send set size:undefined disposed:false
107 silly fetch manifest debug@2.6.9
108 silly packumentCache full:https://registry.npmjs.org/debug cache-miss
109 http fetch GET 200 https://registry.npmjs.org/debug 26ms (cache miss)
110 silly packumentCache full:https://registry.npmjs.org/debug set size:undefined disposed:false
111 silly fetch manifest fresh@~0.5.2
112 silly packumentCache full:https://registry.npmjs.org/fresh cache-miss
113 http fetch GET 200 https://registry.npmjs.org/fresh 20ms (cache miss)
114 silly packumentCache full:https://registry.npmjs.org/fresh set size:undefined disposed:false
115 silly fetch manifest accepts@~1.3.8
116 silly packumentCache full:https://registry.npmjs.org/accepts cache-miss
117 http fetch GET 200 https://registry.npmjs.org/accepts 21ms (cache miss)
118 silly packumentCache full:https://registry.npmjs.org/accepts set size:undefined disposed:false
119 silly fetch manifest methods@~1.1.2
120 silly packumentCache full:https://registry.npmjs.org/methods cache-miss
121 http fetch GET 200 https://registry.npmjs.org/methods 21ms (cache miss)
122 silly packumentCache full:https://registry.npmjs.org/methods set size:undefined disposed:false
123 silly fetch manifest type-is@~1.6.18
124 silly packumentCache full:https://registry.npmjs.org/type-is cache-miss
125 http fetch GET 200 https://registry.npmjs.org/type-is 22ms (cache miss)
126 silly packumentCache full:https://registry.npmjs.org/type-is set size:undefined disposed:false
127 silly fetch manifest parseurl@~1.3.3
128 silly packumentCache full:https://registry.npmjs.org/parseurl cache-miss
129 http fetch GET 200 https://registry.npmjs.org/parseurl 21ms (cache miss)
130 silly packumentCache full:https://registry.npmjs.org/parseurl set size:undefined disposed:false
131 silly fetch manifest statuses@~2.0.1
132 silly packumentCache full:https://registry.npmjs.org/statuses cache-miss
133 http fetch GET 200 https://registry.npmjs.org/statuses 21ms (cache miss)
134 silly packumentCache full:https://registry.npmjs.org/statuses set size:undefined disposed:false
135 silly fetch manifest encodeurl@~2.0.0
136 silly packumentCache full:https://registry.npmjs.org/encodeurl cache-miss
137 http fetch GET 200 https://registry.npmjs.org/encodeurl 22ms (cache miss)
138 silly packumentCache full:https://registry.npmjs.org/encodeurl set size:undefined disposed:false
139 silly fetch manifest body-parser@~1.20.5
140 silly packumentCache full:https://registry.npmjs.org/body-parser cache-miss
141 http fetch GET 200 https://registry.npmjs.org/body-parser 27ms (cache miss)
142 silly packumentCache full:https://registry.npmjs.org/body-parser set size:undefined disposed:false
143 silly fetch manifest escape-html@~1.0.3
144 silly packumentCache full:https://registry.npmjs.org/escape-html cache-miss
145 http fetch GET 200 https://registry.npmjs.org/escape-html 19ms (cache miss)
146 silly packumentCache full:https://registry.npmjs.org/escape-html set size:undefined disposed:false
147 silly fetch manifest http-errors@~2.0.0
148 silly packumentCache full:https://registry.npmjs.org/http-errors cache-miss
149 http fetch GET 200 https://registry.npmjs.org/http-errors 21ms (cache miss)
150 silly packumentCache full:https://registry.npmjs.org/http-errors set size:undefined disposed:false
151 silly fetch manifest on-finished@~2.4.1
152 silly packumentCache full:https://registry.npmjs.org/on-finished cache-miss
153 http fetch GET 200 https://registry.npmjs.org/on-finished 22ms (cache miss)
154 silly packumentCache full:https://registry.npmjs.org/on-finished set size:undefined disposed:false
155 silly fetch manifest utils-merge@1.0.1
156 silly packumentCache full:https://registry.npmjs.org/utils-merge cache-miss
157 http fetch GET 200 https://registry.npmjs.org/utils-merge 19ms (cache miss)
158 silly packumentCache full:https://registry.npmjs.org/utils-merge set size:undefined disposed:false
159 silly fetch manifest finalhandler@~1.3.1
160 silly packumentCache full:https://registry.npmjs.org/finalhandler cache-miss
161 http fetch GET 200 https://registry.npmjs.org/finalhandler 22ms (cache miss)
162 silly packumentCache full:https://registry.npmjs.org/finalhandler set size:undefined disposed:false
163 silly fetch manifest range-parser@~1.2.1
164 silly packumentCache full:https://registry.npmjs.org/range-parser cache-miss
165 http fetch GET 200 https://registry.npmjs.org/range-parser 21ms (cache miss)
166 silly packumentCache full:https://registry.npmjs.org/range-parser set size:undefined disposed:false
167 silly fetch manifest serve-static@~1.16.2
168 silly packumentCache full:https://registry.npmjs.org/serve-static cache-miss
169 http fetch GET 200 https://registry.npmjs.org/serve-static 25ms (cache miss)
170 silly packumentCache full:https://registry.npmjs.org/serve-static set size:undefined disposed:false
171 silly fetch manifest array-flatten@1.1.1
172 silly packumentCache full:https://registry.npmjs.org/array-flatten cache-miss
173 http fetch GET 200 https://registry.npmjs.org/array-flatten 21ms (cache miss)
174 silly packumentCache full:https://registry.npmjs.org/array-flatten set size:undefined disposed:false
175 silly fetch manifest path-to-regexp@~0.1.12
176 silly packumentCache full:https://registry.npmjs.org/path-to-regexp cache-miss
177 http fetch GET 200 https://registry.npmjs.org/path-to-regexp 24ms (cache miss)
178 silly packumentCache full:https://registry.npmjs.org/path-to-regexp set size:undefined disposed:false
179 silly fetch manifest setprototypeof@1.2.0
180 silly packumentCache full:https://registry.npmjs.org/setprototypeof cache-miss
181 http fetch GET 200 https://registry.npmjs.org/setprototypeof 19ms (cache miss)
182 silly packumentCache full:https://registry.npmjs.org/setprototypeof set size:undefined disposed:false
183 silly fetch manifest cookie-signature@~1.0.6
184 silly packumentCache full:https://registry.npmjs.org/cookie-signature cache-miss
185 http fetch GET 200 https://registry.npmjs.org/cookie-signature 21ms (cache miss)
186 silly packumentCache full:https://registry.npmjs.org/cookie-signature set size:undefined disposed:false
187 silly fetch manifest merge-descriptors@1.0.3
188 silly packumentCache full:https://registry.npmjs.org/merge-descriptors cache-miss
189 http fetch GET 200 https://registry.npmjs.org/merge-descriptors 20ms (cache miss)
190 silly packumentCache full:https://registry.npmjs.org/merge-descriptors set size:undefined disposed:false
191 silly fetch manifest content-disposition@~0.5.4
192 silly packumentCache full:https://registry.npmjs.org/content-disposition cache-miss
193 http fetch GET 200 https://registry.npmjs.org/content-disposition 21ms (cache miss)
194 silly packumentCache full:https://registry.npmjs.org/content-disposition set size:undefined disposed:false
195 silly fetch manifest motion-dom@^12.43.0
196 silly packumentCache full:https://registry.npmjs.org/motion-dom cache-miss
197 http fetch GET 200 https://registry.npmjs.org/motion-dom 26ms (cache miss)
198 silly packumentCache full:https://registry.npmjs.org/motion-dom set size:undefined disposed:false
199 silly fetch manifest motion-utils@^12.39.0
200 silly packumentCache full:https://registry.npmjs.org/motion-utils cache-miss
201 http fetch GET 200 https://registry.npmjs.org/motion-utils 26ms (cache miss)
202 silly packumentCache full:https://registry.npmjs.org/motion-utils set size:undefined disposed:false
203 silly fetch manifest xtend@^4.0.0
204 silly packumentCache full:https://registry.npmjs.org/xtend cache-miss
205 http fetch GET 200 https://registry.npmjs.org/xtend 21ms (cache miss)
206 silly packumentCache full:https://registry.npmjs.org/xtend set size:undefined disposed:false
207 silly fetch manifest mkdirp@^0.5.4
208 silly packumentCache full:https://registry.npmjs.org/mkdirp cache-miss
209 http fetch GET 200 https://registry.npmjs.org/mkdirp 22ms (cache miss)
210 silly packumentCache full:https://registry.npmjs.org/mkdirp set size:undefined disposed:false
211 silly fetch manifest concat-stream@^1.5.2
212 silly packumentCache full:https://registry.npmjs.org/concat-stream cache-miss
213 http fetch GET 200 https://registry.npmjs.org/concat-stream 22ms (cache miss)
214 silly packumentCache full:https://registry.npmjs.org/concat-stream set size:undefined disposed:false
215 silly placeDep ROOT undici-types@6.21.0 OK for: @types/node@22.20.1 want: ~6.21.0
216 silly placeDep ROOT @babel/core@7.29.7 OK for: @vitejs/plugin-react@4.7.0 want: ^7.28.0
217 silly placeDep ROOT @babel/plugin-transform-react-jsx-self@7.29.7 OK for: @vitejs/plugin-react@4.7.0 want: ^7.27.1
218 silly placeDep ROOT @babel/plugin-transform-react-jsx-source@7.29.7 OK for: @vitejs/plugin-react@4.7.0 want: ^7.27.1
219 silly placeDep node_modules/@vitejs/plugin-react @rolldown/pluginutils@1.0.0-beta.27 OK for: @vitejs/plugin-react@4.7.0 want: 1.0.0-beta.27
220 silly placeDep ROOT @types/babel__core@7.20.5 OK for: @vitejs/plugin-react@4.7.0 want: ^7.20.5
221 silly placeDep ROOT react-refresh@0.17.0 OK for: @vitejs/plugin-react@4.7.0 want: ^0.17.0
222 silly fetch manifest debug@^4.1.0
223 silly packumentCache full:https://registry.npmjs.org/debug cache-miss
224 http fetch GET 200 https://registry.npmjs.org/debug 3ms (cache hit)
225 silly packumentCache full:https://registry.npmjs.org/debug set size:195840 disposed:false
226 silly fetch manifest json5@^2.2.3
227 silly packumentCache full:https://registry.npmjs.org/json5 cache-miss
228 http fetch GET 200 https://registry.npmjs.org/json5 24ms (cache miss)
229 silly packumentCache full:https://registry.npmjs.org/json5 set size:undefined disposed:false
230 silly fetch manifest semver@^6.3.1
231 silly packumentCache full:https://registry.npmjs.org/semver cache-miss
232 http fetch GET 200 https://registry.npmjs.org/semver 28ms (cache miss)
233 silly packumentCache full:https://registry.npmjs.org/semver set size:undefined disposed:false
234 silly fetch manifest gensync@^1.0.0-beta.2
235 silly packumentCache full:https://registry.npmjs.org/gensync cache-miss
236 http fetch GET 200 https://registry.npmjs.org/gensync 25ms (cache miss)
237 silly packumentCache full:https://registry.npmjs.org/gensync set size:undefined disposed:false
238 silly fetch manifest @babel/types@^7.29.7
239 silly packumentCache full:https://registry.npmjs.org/@babel%2ftypes cache-miss
240 http fetch GET 200 https://registry.npmjs.org/@babel%2ftypes 49ms (cache miss)
241 silly packumentCache full:https://registry.npmjs.org/@babel%2ftypes set size:undefined disposed:false
242 silly fetch manifest @babel/parser@^7.29.7
243 silly packumentCache full:https://registry.npmjs.org/@babel%2fparser cache-miss
244 http fetch GET 200 https://registry.npmjs.org/@babel%2fparser 45ms (cache miss)
245 silly packumentCache full:https://registry.npmjs.org/@babel%2fparser set size:undefined disposed:false
246 silly fetch manifest @babel/helpers@^7.29.7
247 silly packumentCache full:https://registry.npmjs.org/@babel%2fhelpers cache-miss
248 http fetch GET 200 https://registry.npmjs.org/@babel%2fhelpers 37ms (cache miss)
249 silly packumentCache full:https://registry.npmjs.org/@babel%2fhelpers set size:undefined disposed:false
250 silly fetch manifest @babel/template@^7.29.7
251 silly packumentCache full:https://registry.npmjs.org/@babel%2ftemplate cache-miss
252 http fetch GET 200 https://registry.npmjs.org/@babel%2ftemplate 34ms (cache miss)
253 silly packumentCache full:https://registry.npmjs.org/@babel%2ftemplate set size:undefined disposed:false
254 silly fetch manifest @babel/traverse@^7.29.7
255 silly packumentCache full:https://registry.npmjs.org/@babel%2ftraverse cache-miss
256 http fetch GET 200 https://registry.npmjs.org/@babel%2ftraverse 38ms (cache miss)
257 silly packumentCache full:https://registry.npmjs.org/@babel%2ftraverse set size:undefined disposed:false
258 silly fetch manifest @babel/generator@^7.29.7
259 silly packumentCache full:https://registry.npmjs.org/@babel%2fgenerator cache-miss
260 http fetch GET 200 https://registry.npmjs.org/@babel%2fgenerator 43ms (cache miss)
261 silly packumentCache full:https://registry.npmjs.org/@babel%2fgenerator set size:undefined disposed:false
262 silly fetch manifest @babel/code-frame@^7.29.7
263 silly packumentCache full:https://registry.npmjs.org/@babel%2fcode-frame cache-miss
264 http fetch GET 200 https://registry.npmjs.org/@babel%2fcode-frame 33ms (cache miss)
265 silly packumentCache full:https://registry.npmjs.org/@babel%2fcode-frame set size:undefined disposed:false
266 silly fetch manifest convert-source-map@^2.0.0
267 silly packumentCache full:https://registry.npmjs.org/convert-source-map cache-miss
268 http fetch GET 200 https://registry.npmjs.org/convert-source-map 23ms (cache miss)
269 silly packumentCache full:https://registry.npmjs.org/convert-source-map set size:undefined disposed:false
270 silly fetch manifest @jridgewell/remapping@^2.3.5
271 silly packumentCache full:https://registry.npmjs.org/@jridgewell%2fremapping cache-miss
272 http fetch GET 200 https://registry.npmjs.org/@jridgewell%2fremapping 28ms (cache miss)
273 silly packumentCache full:https://registry.npmjs.org/@jridgewell%2fremapping set size:undefined disposed:false
274 silly fetch manifest @babel/helper-module-transforms@^7.29.7
275 silly packumentCache full:https://registry.npmjs.org/@babel%2fhelper-module-transforms cache-miss
276 http fetch GET 200 https://registry.npmjs.org/@babel%2fhelper-module-transforms 36ms (cache miss)
277 silly packumentCache full:https://registry.npmjs.org/@babel%2fhelper-module-transforms set size:undefined disposed:false
278 silly fetch manifest @babel/helper-compilation-targets@^7.29.7
279 silly packumentCache full:https://registry.npmjs.org/@babel%2fhelper-compilation-targets cache-miss
280 http fetch GET 200 https://registry.npmjs.org/@babel%2fhelper-compilation-targets 30ms (cache miss)
281 silly packumentCache full:https://registry.npmjs.org/@babel%2fhelper-compilation-targets set size:undefined disposed:false
282 silly fetch manifest @babel/helper-plugin-utils@^7.29.7
283 silly packumentCache full:https://registry.npmjs.org/@babel%2fhelper-plugin-utils cache-miss
284 http fetch GET 200 https://registry.npmjs.org/@babel%2fhelper-plugin-utils 28ms (cache miss)
285 silly packumentCache full:https://registry.npmjs.org/@babel%2fhelper-plugin-utils set size:undefined disposed:false
286 silly fetch manifest @babel/types@^7.20.7
287 silly packumentCache full:https://registry.npmjs.org/@babel%2ftypes cache-miss
288 http fetch GET 200 https://registry.npmjs.org/@babel%2ftypes 6ms (cache hit)
289 silly packumentCache full:https://registry.npmjs.org/@babel%2ftypes set size:502938 disposed:false
290 silly fetch manifest @babel/parser@^7.20.7
291 silly packumentCache full:https://registry.npmjs.org/@babel%2fparser cache-miss
292 http fetch GET 200 https://registry.npmjs.org/@babel%2fparser 4ms (cache hit)
293 silly packumentCache full:https://registry.npmjs.org/@babel%2fparser set size:737961 disposed:false
294 silly fetch manifest @types/babel__template@*
295 silly packumentCache full:https://registry.npmjs.org/@types%2fbabel__template cache-miss
296 http fetch GET 200 https://registry.npmjs.org/@types%2fbabel__template 23ms (cache miss)
297 silly packumentCache full:https://registry.npmjs.org/@types%2fbabel__template set size:undefined disposed:false
298 silly fetch manifest @types/babel__traverse@*
299 silly packumentCache full:https://registry.npmjs.org/@types%2fbabel__traverse cache-miss
300 http fetch GET 200 https://registry.npmjs.org/@types%2fbabel__traverse 29ms (cache miss)
301 silly packumentCache full:https://registry.npmjs.org/@types%2fbabel__traverse set size:undefined disposed:false
302 silly fetch manifest @types/babel__generator@*
303 silly packumentCache full:https://registry.npmjs.org/@types%2fbabel__generator cache-miss
304 http fetch GET 200 https://registry.npmjs.org/@types%2fbabel__generator 23ms (cache miss)
305 silly packumentCache full:https://registry.npmjs.org/@types%2fbabel__generator set size:undefined disposed:false
306 silly placeDep ROOT @babel/code-frame@7.29.7 OK for: @babel/core@7.29.7 want: ^7.29.7
307 silly placeDep ROOT @babel/generator@7.29.8 OK for: @babel/core@7.29.7 want: ^7.29.7
308 silly placeDep ROOT @babel/helper-compilation-targets@7.29.7 OK for: @babel/core@7.29.7 want: ^7.29.7
309 silly placeDep ROOT @babel/helper-module-transforms@7.29.7 OK for: @babel/core@7.29.7 want: ^7.29.7
310 silly placeDep ROOT @babel/helpers@7.29.7 OK for: @babel/core@7.29.7 want: ^7.29.7
311 silly placeDep ROOT @babel/parser@7.29.8 OK for: @babel/core@7.29.7 want: ^7.29.7
312 silly placeDep ROOT @babel/template@7.29.7 OK for: @babel/core@7.29.7 want: ^7.29.7
313 silly placeDep ROOT @babel/traverse@7.29.8 OK for: @babel/core@7.29.7 want: ^7.29.7
314 silly placeDep ROOT @babel/types@7.29.8 OK for: @babel/core@7.29.7 want: ^7.29.7
315 silly placeDep ROOT @jridgewell/remapping@2.3.5 OK for: @babel/core@7.29.7 want: ^2.3.5
316 silly placeDep ROOT convert-source-map@2.0.0 OK for: @babel/core@7.29.7 want: ^2.0.0
317 silly placeDep ROOT debug@4.4.3 OK for: @babel/core@7.29.7 want: ^4.1.0
318 silly placeDep ROOT gensync@1.0.0-beta.2 OK for: @babel/core@7.29.7 want: ^1.0.0-beta.2
319 silly placeDep ROOT json5@2.2.3 OK for: @babel/core@7.29.7 want: ^2.2.3
320 silly placeDep ROOT semver@6.3.1 OK for: @babel/core@7.29.7 want: ^6.3.1
321 silly fetch manifest js-tokens@^4.0.0
322 silly packumentCache full:https://registry.npmjs.org/js-tokens cache-miss
323 http fetch GET 200 https://registry.npmjs.org/js-tokens 21ms (cache miss)
324 silly packumentCache full:https://registry.npmjs.org/js-tokens set size:undefined disposed:false
325 silly fetch manifest @babel/helper-validator-identifier@^7.29.7
326 silly packumentCache full:https://registry.npmjs.org/@babel%2fhelper-validator-identifier cache-miss
327 http fetch GET 200 https://registry.npmjs.org/@babel%2fhelper-validator-identifier 36ms (cache miss)
328 silly packumentCache full:https://registry.npmjs.org/@babel%2fhelper-validator-identifier set size:undefined disposed:false
329 silly fetch manifest jsesc@^3.0.2
330 silly packumentCache full:https://registry.npmjs.org/jsesc cache-miss
331 http fetch GET 200 https://registry.npmjs.org/jsesc 31ms (cache miss)
332 silly packumentCache full:https://registry.npmjs.org/jsesc set size:undefined disposed:false
333 silly fetch manifest @babel/types@^7.29.8
334 silly packumentCache full:https://registry.npmjs.org/@babel%2ftypes cache-hit
335 silly fetch manifest @babel/parser@^7.29.8
336 silly packumentCache full:https://registry.npmjs.org/@babel%2fparser cache-hit
337 silly fetch manifest lru-cache@^5.1.1
338 silly packumentCache full:https://registry.npmjs.org/lru-cache cache-miss
339 http fetch GET 200 https://registry.npmjs.org/lru-cache 35ms (cache miss)
340 silly packumentCache full:https://registry.npmjs.org/lru-cache set size:undefined disposed:false
341 silly fetch manifest @babel/compat-data@^7.29.7
342 silly packumentCache full:https://registry.npmjs.org/@babel%2fcompat-data cache-miss
343 http fetch GET 200 https://registry.npmjs.org/@babel%2fcompat-data 37ms (cache miss)
344 silly packumentCache full:https://registry.npmjs.org/@babel%2fcompat-data set size:undefined disposed:false
345 silly fetch manifest @babel/helper-validator-option@^7.29.7
346 silly packumentCache full:https://registry.npmjs.org/@babel%2fhelper-validator-option cache-miss
347 http fetch GET 200 https://registry.npmjs.org/@babel%2fhelper-validator-option 26ms (cache miss)
348 silly packumentCache full:https://registry.npmjs.org/@babel%2fhelper-validator-option set size:undefined disposed:false
349 silly fetch manifest @babel/helper-module-imports@^7.29.7
350 silly packumentCache full:https://registry.npmjs.org/@babel%2fhelper-module-imports cache-miss
351 http fetch GET 200 https://registry.npmjs.org/@babel%2fhelper-module-imports 31ms (cache miss)
352 silly packumentCache full:https://registry.npmjs.org/@babel%2fhelper-module-imports set size:undefined disposed:false
353 silly fetch manifest debug@^4.3.1
354 silly packumentCache full:https://registry.npmjs.org/debug cache-hit
355 silly fetch manifest @babel/helper-globals@^7.29.7
356 silly packumentCache full:https://registry.npmjs.org/@babel%2fhelper-globals cache-miss
357 http fetch GET 200 https://registry.npmjs.org/@babel%2fhelper-globals 28ms (cache miss)
358 silly packumentCache full:https://registry.npmjs.org/@babel%2fhelper-globals set size:undefined disposed:false
359 silly fetch manifest @babel/helper-string-parser@^7.29.7
360 silly packumentCache full:https://registry.npmjs.org/@babel%2fhelper-string-parser cache-miss
361 http fetch GET 200 https://registry.npmjs.org/@babel%2fhelper-string-parser 26ms (cache miss)
362 silly packumentCache full:https://registry.npmjs.org/@babel%2fhelper-string-parser set size:undefined disposed:false
363 silly fetch manifest ms@^2.1.3
364 silly packumentCache full:https://registry.npmjs.org/ms cache-miss
365 http fetch GET 200 https://registry.npmjs.org/ms 22ms (cache miss)
366 silly packumentCache full:https://registry.npmjs.org/ms set size:undefined disposed:false
367 silly placeDep ROOT @babel/helper-validator-identifier@7.29.7 OK for: @babel/code-frame@7.29.7 want: ^7.29.7
368 silly placeDep ROOT js-tokens@4.0.0 OK for: @babel/code-frame@7.29.7 want: ^4.0.0
369 silly placeDep ROOT jsesc@3.1.0 OK for: @babel/generator@7.29.8 want: ^3.0.2
370 silly placeDep ROOT @babel/compat-data@7.29.7 OK for: @babel/helper-compilation-targets@7.29.7 want: ^7.29.7
371 silly placeDep ROOT @babel/helper-validator-option@7.29.7 OK for: @babel/helper-compilation-targets@7.29.7 want: ^7.29.7
372 silly placeDep ROOT lru-cache@5.1.1 OK for: @babel/helper-compilation-targets@7.29.7 want: ^5.1.1
373 silly fetch manifest yallist@^3.0.2
374 silly packumentCache full:https://registry.npmjs.org/yallist cache-miss
375 http fetch GET 200 https://registry.npmjs.org/yallist 23ms (cache miss)
376 silly packumentCache full:https://registry.npmjs.org/yallist set size:undefined disposed:false
377 silly placeDep ROOT @babel/helper-module-imports@7.29.7 OK for: @babel/helper-module-transforms@7.29.7 want: ^7.29.7
378 silly placeDep ROOT @babel/helper-plugin-utils@7.29.7 OK for: @babel/plugin-transform-react-jsx-self@7.29.7 want: ^7.29.7
379 silly placeDep ROOT @babel/helper-globals@7.29.7 OK for: @babel/traverse@7.29.8 want: ^7.29.7
380 silly placeDep ROOT @babel/helper-string-parser@7.29.7 OK for: @babel/types@7.29.8 want: ^7.29.7
381 silly placeDep ROOT @types/babel__generator@7.27.0 OK for: @types/babel__core@7.20.5 want: *
382 silly placeDep ROOT @types/babel__template@7.4.4 OK for: @types/babel__core@7.20.5 want: *
383 silly placeDep ROOT @types/babel__traverse@7.28.0 OK for: @types/babel__core@7.20.5 want: *
384 silly placeDep ROOT ms@2.1.3 OK for: debug@4.4.3 want: ^2.1.3
385 silly placeDep ROOT accepts@1.3.8 OK for: express@4.22.2 want: ~1.3.8
386 silly placeDep ROOT array-flatten@1.1.1 OK for: express@4.22.2 want: 1.1.1
387 silly placeDep ROOT body-parser@1.20.6 OK for: express@4.22.2 want: ~1.20.5
388 silly placeDep ROOT content-disposition@0.5.4 OK for: express@4.22.2 want: ~0.5.4
389 silly placeDep ROOT cookie-signature@1.0.7 OK for: express@4.22.2 want: ~1.0.6
390 silly placeDep node_modules/express debug@2.6.9 OK for: express@4.22.2 want: 2.6.9
391 silly placeDep ROOT depd@2.0.0 OK for: express@4.22.2 want: 2.0.0
392 silly placeDep ROOT encodeurl@2.0.0 OK for: express@4.22.2 want: ~2.0.0
393 silly placeDep ROOT escape-html@1.0.3 OK for: express@4.22.2 want: ~1.0.3
394 silly placeDep ROOT etag@1.8.1 OK for: express@4.22.2 want: ~1.8.1
395 silly placeDep ROOT finalhandler@1.3.2 OK for: express@4.22.2 want: ~1.3.1
396 silly placeDep ROOT fresh@0.5.2 OK for: express@4.22.2 want: ~0.5.2
397 silly placeDep ROOT http-errors@2.0.1 OK for: express@4.22.2 want: ~2.0.0
398 silly placeDep ROOT merge-descriptors@1.0.3 OK for: express@4.22.2 want: 1.0.3
399 silly placeDep ROOT methods@1.1.2 OK for: express@4.22.2 want: ~1.1.2
400 silly placeDep ROOT on-finished@2.4.1 OK for: express@4.22.2 want: ~2.4.1
401 silly placeDep ROOT parseurl@1.3.3 OK for: express@4.22.2 want: ~1.3.3
402 silly placeDep ROOT path-to-regexp@0.1.13 OK for: express@4.22.2 want: ~0.1.12
403 silly placeDep ROOT qs@6.15.3 OK for: express@4.22.2 want: ~6.15.1
404 silly placeDep ROOT range-parser@1.2.1 OK for: express@4.22.2 want: ~1.2.1
405 silly placeDep ROOT send@0.19.2 OK for: express@4.22.2 want: ~0.19.0
406 silly placeDep ROOT serve-static@1.16.3 OK for: express@4.22.2 want: ~1.16.2
407 silly placeDep ROOT setprototypeof@1.2.0 OK for: express@4.22.2 want: 1.2.0
408 silly placeDep ROOT statuses@2.0.2 OK for: express@4.22.2 want: ~2.0.1
409 silly placeDep ROOT type-is@1.6.18 OK for: express@4.22.2 want: ~1.6.18
410 silly placeDep ROOT utils-merge@1.0.1 OK for: express@4.22.2 want: 1.0.1
411 silly fetch manifest mime-types@~2.1.34
412 silly packumentCache full:https://registry.npmjs.org/mime-types cache-miss
413 http fetch GET 200 https://registry.npmjs.org/mime-types 24ms (cache miss)
414 silly packumentCache full:https://registry.npmjs.org/mime-types set size:undefined disposed:false
415 silly fetch manifest negotiator@0.6.3
416 silly packumentCache full:https://registry.npmjs.org/negotiator cache-miss
417 http fetch GET 200 https://registry.npmjs.org/negotiator 21ms (cache miss)
418 silly packumentCache full:https://registry.npmjs.org/negotiator set size:undefined disposed:false
419 silly fetch manifest bytes@~3.1.2
420 silly packumentCache full:https://registry.npmjs.org/bytes cache-miss
421 http fetch GET 200 https://registry.npmjs.org/bytes 22ms (cache miss)
422 silly packumentCache full:https://registry.npmjs.org/bytes set size:undefined disposed:false
423 silly fetch manifest unpipe@~1.0.0
424 silly packumentCache full:https://registry.npmjs.org/unpipe cache-miss
425 http fetch GET 200 https://registry.npmjs.org/unpipe 19ms (cache miss)
426 silly packumentCache full:https://registry.npmjs.org/unpipe set size:undefined disposed:false
427 silly fetch manifest destroy@~1.2.0
428 silly packumentCache full:https://registry.npmjs.org/destroy cache-miss
429 http fetch GET 200 https://registry.npmjs.org/destroy 23ms (cache miss)
430 silly packumentCache full:https://registry.npmjs.org/destroy set size:undefined disposed:false
431 silly fetch manifest raw-body@~2.5.3
432 silly packumentCache full:https://registry.npmjs.org/raw-body cache-miss
433 http fetch GET 200 https://registry.npmjs.org/raw-body 23ms (cache miss)
434 silly packumentCache full:https://registry.npmjs.org/raw-body set size:undefined disposed:false
435 silly fetch manifest iconv-lite@~0.4.24
436 silly packumentCache full:https://registry.npmjs.org/iconv-lite cache-miss
437 http fetch GET 200 https://registry.npmjs.org/iconv-lite 22ms (cache miss)
438 silly packumentCache full:https://registry.npmjs.org/iconv-lite set size:undefined disposed:false
439 silly fetch manifest http-errors@~2.0.1
440 silly packumentCache full:https://registry.npmjs.org/http-errors cache-miss
441 http fetch GET 200 https://registry.npmjs.org/http-errors 3ms (cache hit)
442 silly packumentCache full:https://registry.npmjs.org/http-errors set size:71987 disposed:false
443 silly fetch manifest ms@2.0.0
444 silly packumentCache full:https://registry.npmjs.org/ms cache-miss
445 http fetch GET 200 https://registry.npmjs.org/ms 5ms (cache hit)
446 silly packumentCache full:https://registry.npmjs.org/ms set size:92208 disposed:false
447 silly fetch manifest statuses@~2.0.2
448 silly packumentCache full:https://registry.npmjs.org/statuses cache-miss
449 http fetch GET 200 https://registry.npmjs.org/statuses 2ms (cache hit)
450 silly packumentCache full:https://registry.npmjs.org/statuses set size:37117 disposed:false
451 silly fetch manifest inherits@~2.0.4
452 silly packumentCache full:https://registry.npmjs.org/inherits cache-miss
453 http fetch GET 200 https://registry.npmjs.org/inherits 20ms (cache miss)
454 silly packumentCache full:https://registry.npmjs.org/inherits set size:undefined disposed:false
455 silly fetch manifest setprototypeof@~1.2.0
456 silly packumentCache full:https://registry.npmjs.org/setprototypeof cache-miss
457 http fetch GET 200 https://registry.npmjs.org/setprototypeof 2ms (cache hit)
458 silly packumentCache full:https://registry.npmjs.org/setprototypeof set size:14532 disposed:false
459 silly fetch manifest toidentifier@~1.0.1
460 silly packumentCache full:https://registry.npmjs.org/toidentifier cache-miss
461 http fetch GET 200 https://registry.npmjs.org/toidentifier 18ms (cache miss)
462 silly packumentCache full:https://registry.npmjs.org/toidentifier set size:undefined disposed:false
463 silly fetch manifest ee-first@1.1.1
464 silly packumentCache full:https://registry.npmjs.org/ee-first cache-miss
465 http fetch GET 200 https://registry.npmjs.org/ee-first 28ms (cache miss)
466 silly packumentCache full:https://registry.npmjs.org/ee-first set size:undefined disposed:false
467 silly fetch manifest side-channel@^1.1.1
468 silly packumentCache full:https://registry.npmjs.org/side-channel cache-miss
469 http fetch GET 200 https://registry.npmjs.org/side-channel 22ms (cache miss)
470 silly packumentCache full:https://registry.npmjs.org/side-channel set size:undefined disposed:false
471 silly fetch manifest es-define-property@^1.0.1
472 silly packumentCache full:https://registry.npmjs.org/es-define-property cache-miss
473 http fetch GET 200 https://registry.npmjs.org/es-define-property 22ms (cache miss)
474 silly packumentCache full:https://registry.npmjs.org/es-define-property set size:undefined disposed:false
475 silly fetch manifest mime@1.6.0
476 silly packumentCache full:https://registry.npmjs.org/mime cache-miss
477 http fetch GET 200 https://registry.npmjs.org/mime 22ms (cache miss)
478 silly packumentCache full:https://registry.npmjs.org/mime set size:undefined disposed:false
479 silly fetch manifest destroy@1.2.0
480 silly packumentCache full:https://registry.npmjs.org/destroy cache-miss
481 http fetch GET 200 https://registry.npmjs.org/destroy 3ms (cache hit)
482 silly packumentCache full:https://registry.npmjs.org/destroy set size:15738 disposed:false
483 silly fetch manifest mime-types@~2.1.24
484 silly packumentCache full:https://registry.npmjs.org/mime-types cache-miss
485 http fetch GET 200 https://registry.npmjs.org/mime-types 2ms (cache hit)
486 silly packumentCache full:https://registry.npmjs.org/mime-types set size:139110 disposed:false
487 silly fetch manifest media-typer@0.3.0
488 silly packumentCache full:https://registry.npmjs.org/media-typer cache-miss
489 http fetch GET 200 https://registry.npmjs.org/media-typer 23ms (cache miss)
490 silly packumentCache full:https://registry.npmjs.org/media-typer set size:undefined disposed:false
491 silly placeDep ROOT mime-types@2.1.35 OK for: accepts@1.3.8 want: ~2.1.34
492 silly placeDep ROOT negotiator@0.6.3 OK for: accepts@1.3.8 want: 0.6.3
493 silly fetch manifest mime-db@1.52.0
494 silly packumentCache full:https://registry.npmjs.org/mime-db cache-miss
495 http fetch GET 200 https://registry.npmjs.org/mime-db 26ms (cache miss)
496 silly packumentCache full:https://registry.npmjs.org/mime-db set size:undefined disposed:false
497 silly placeDep ROOT bytes@3.1.2 OK for: body-parser@1.20.6 want: ~3.1.2
498 silly placeDep node_modules/body-parser debug@2.6.9 OK for: body-parser@1.20.6 want: 2.6.9
499 silly placeDep ROOT destroy@1.2.0 OK for: body-parser@1.20.6 want: ~1.2.0
500 silly placeDep ROOT iconv-lite@0.4.24 OK for: body-parser@1.20.6 want: ~0.4.24
501 silly placeDep ROOT raw-body@2.5.3 OK for: body-parser@1.20.6 want: ~2.5.3
502 silly placeDep ROOT unpipe@1.0.0 OK for: body-parser@1.20.6 want: ~1.0.0
503 silly fetch manifest safer-buffer@>= 2.1.2 < 3
504 silly packumentCache full:https://registry.npmjs.org/safer-buffer cache-miss
505 http fetch GET 200 https://registry.npmjs.org/safer-buffer 24ms (cache miss)
506 silly packumentCache full:https://registry.npmjs.org/safer-buffer set size:undefined disposed:false
507 silly placeDep node_modules/finalhandler debug@2.6.9 OK for: finalhandler@1.3.2 want: 2.6.9
508 silly placeDep ROOT motion-dom@12.43.0 OK for: framer-motion@12.43.0 want: ^12.43.0
509 silly placeDep ROOT motion-utils@12.39.0 OK for: framer-motion@12.43.0 want: ^12.39.0
510 silly placeDep ROOT inherits@2.0.4 OK for: http-errors@2.0.1 want: ~2.0.4
511 silly placeDep ROOT toidentifier@1.0.1 OK for: http-errors@2.0.1 want: ~1.0.1
512 silly placeDep ROOT safer-buffer@2.1.2 OK for: iconv-lite@0.4.24 want: >= 2.1.2 < 3
513 silly placeDep ROOT yallist@3.1.1 OK for: lru-cache@5.1.1 want: ^3.0.2
514 silly placeDep ROOT mime-db@1.52.0 OK for: mime-types@2.1.35 want: 1.52.0
515 silly placeDep ROOT concat-stream@1.6.2 OK for: multer@1.4.5-lts.2 want: ^1.5.2
516 silly placeDep ROOT mkdirp@0.5.6 OK for: multer@1.4.5-lts.2 want: ^0.5.4
517 silly placeDep ROOT xtend@4.0.2 OK for: multer@1.4.5-lts.2 want: ^4.0.0
518 silly fetch manifest buffer-from@^1.0.0
519 silly packumentCache full:https://registry.npmjs.org/buffer-from cache-miss
520 http fetch GET 200 https://registry.npmjs.org/buffer-from 22ms (cache miss)
521 silly packumentCache full:https://registry.npmjs.org/buffer-from set size:undefined disposed:false
522 silly fetch manifest readable-stream@^2.2.2
523 silly packumentCache full:https://registry.npmjs.org/readable-stream cache-miss
524 http fetch GET 200 https://registry.npmjs.org/readable-stream 40ms (cache miss)
525 silly packumentCache full:https://registry.npmjs.org/readable-stream set size:undefined disposed:false
526 silly fetch manifest typedarray@^0.0.6
527 silly packumentCache full:https://registry.npmjs.org/typedarray cache-miss
528 http fetch GET 200 https://registry.npmjs.org/typedarray 19ms (cache miss)
529 silly packumentCache full:https://registry.npmjs.org/typedarray set size:undefined disposed:false
530 silly fetch manifest minimist@^1.2.6
531 silly packumentCache full:https://registry.npmjs.org/minimist cache-miss
532 http fetch GET 200 https://registry.npmjs.org/minimist 24ms (cache miss)
533 silly packumentCache full:https://registry.npmjs.org/minimist set size:undefined disposed:false
534 silly placeDep ROOT buffer-from@1.1.2 OK for: concat-stream@1.6.2 want: ^1.0.0
535 silly placeDep ROOT readable-stream@2.3.8 OK for: concat-stream@1.6.2 want: ^2.2.2
536 silly placeDep ROOT typedarray@0.0.6 OK for: concat-stream@1.6.2 want: ^0.0.6
537 silly fetch manifest isarray@~1.0.0
538 silly packumentCache full:https://registry.npmjs.org/isarray cache-miss
539 http fetch GET 200 https://registry.npmjs.org/isarray 21ms (cache miss)
540 silly packumentCache full:https://registry.npmjs.org/isarray set size:undefined disposed:false
541 silly fetch manifest safe-buffer@~5.1.1
542 silly packumentCache full:https://registry.npmjs.org/safe-buffer cache-miss
543 http fetch GET 200 https://registry.npmjs.org/safe-buffer 22ms (cache miss)
544 silly packumentCache full:https://registry.npmjs.org/safe-buffer set size:undefined disposed:false
545 silly fetch manifest core-util-is@~1.0.0
546 silly packumentCache full:https://registry.npmjs.org/core-util-is cache-miss
547 http fetch GET 200 https://registry.npmjs.org/core-util-is 20ms (cache miss)
548 silly packumentCache full:https://registry.npmjs.org/core-util-is set size:undefined disposed:false
549 silly fetch manifest string_decoder@~1.1.1
550 silly packumentCache full:https://registry.npmjs.org/string_decoder cache-miss
551 http fetch GET 200 https://registry.npmjs.org/string_decoder 26ms (cache miss)
552 silly packumentCache full:https://registry.npmjs.org/string_decoder set size:undefined disposed:false
553 silly fetch manifest process-nextick-args@~2.0.0
554 silly packumentCache full:https://registry.npmjs.org/process-nextick-args cache-miss
555 http fetch GET 200 https://registry.npmjs.org/process-nextick-args 24ms (cache miss)
556 silly packumentCache full:https://registry.npmjs.org/process-nextick-args set size:undefined disposed:false
557 silly placeDep ROOT minimist@1.2.8 OK for: mkdirp@0.5.6 want: ^1.2.6
558 silly placeDep ROOT ee-first@1.1.1 OK for: on-finished@2.4.1 want: 1.1.1
559 silly placeDep ROOT es-define-property@1.0.1 OK for: qs@6.15.3 want: ^1.0.1
560 silly placeDep ROOT side-channel@1.1.1 OK for: qs@6.15.3 want: ^1.1.1
561 silly fetch manifest object-inspect@^1.13.4
562 silly packumentCache full:https://registry.npmjs.org/object-inspect cache-miss
563 http fetch GET 200 https://registry.npmjs.org/object-inspect 27ms (cache miss)
564 silly packumentCache full:https://registry.npmjs.org/object-inspect set size:undefined disposed:false
565 silly fetch manifest side-channel-list@^1.0.1
566 silly packumentCache full:https://registry.npmjs.org/side-channel-list cache-miss
567 http fetch GET 200 https://registry.npmjs.org/side-channel-list 24ms (cache miss)
568 silly packumentCache full:https://registry.npmjs.org/side-channel-list set size:undefined disposed:false
569 silly fetch manifest side-channel-map@^1.0.1
570 silly packumentCache full:https://registry.npmjs.org/side-channel-map cache-miss
571 http fetch GET 200 https://registry.npmjs.org/side-channel-map 20ms (cache miss)
572 silly packumentCache full:https://registry.npmjs.org/side-channel-map set size:undefined disposed:false
573 silly fetch manifest side-channel-weakmap@^1.0.2
574 silly packumentCache full:https://registry.npmjs.org/side-channel-weakmap cache-miss
575 http fetch GET 200 https://registry.npmjs.org/side-channel-weakmap 21ms (cache miss)
576 silly packumentCache full:https://registry.npmjs.org/side-channel-weakmap set size:undefined disposed:false
577 silly placeDep ROOT core-util-is@1.0.3 OK for: readable-stream@2.3.8 want: ~1.0.0
578 silly placeDep ROOT isarray@1.0.0 OK for: readable-stream@2.3.8 want: ~1.0.0
579 silly placeDep ROOT process-nextick-args@2.0.1 OK for: readable-stream@2.3.8 want: ~2.0.0
580 silly placeDep node_modules/readable-stream safe-buffer@5.1.2 OK for: readable-stream@2.3.8 want: ~5.1.1
581 silly placeDep ROOT string_decoder@1.1.1 OK for: readable-stream@2.3.8 want: ~1.1.1
582 silly fetch manifest safe-buffer@~5.1.0
583 silly packumentCache full:https://registry.npmjs.org/safe-buffer cache-miss
584 http fetch GET 200 https://registry.npmjs.org/safe-buffer 2ms (cache hit)
585 silly packumentCache full:https://registry.npmjs.org/safe-buffer set size:41183 disposed:false
586 silly placeDep node_modules/send debug@2.6.9 OK for: send@0.19.2 want: 2.6.9
587 silly placeDep ROOT mime@1.6.0 OK for: send@0.19.2 want: 1.6.0
588 silly placeDep ROOT object-inspect@1.13.4 OK for: side-channel@1.1.1 want: ^1.13.4
589 silly placeDep ROOT side-channel-list@1.0.1 OK for: side-channel@1.1.1 want: ^1.0.1
590 silly placeDep ROOT side-channel-map@1.0.1 OK for: side-channel@1.1.1 want: ^1.0.1
591 silly placeDep ROOT side-channel-weakmap@1.0.2 OK for: side-channel@1.1.1 want: ^1.0.2
592 silly fetch manifest call-bound@^1.0.2
593 silly packumentCache full:https://registry.npmjs.org/call-bound cache-miss
594 http fetch GET 200 https://registry.npmjs.org/call-bound 22ms (cache miss)
595 silly packumentCache full:https://registry.npmjs.org/call-bound set size:undefined disposed:false
596 silly fetch manifest get-intrinsic@^1.2.5
597 silly packumentCache full:https://registry.npmjs.org/get-intrinsic cache-miss
598 http fetch GET 200 https://registry.npmjs.org/get-intrinsic 22ms (cache miss)
599 silly packumentCache full:https://registry.npmjs.org/get-intrinsic set size:undefined disposed:false
600 silly placeDep ROOT call-bound@1.0.4 OK for: side-channel-map@1.0.1 want: ^1.0.2
601 silly placeDep ROOT get-intrinsic@1.3.0 OK for: side-channel-map@1.0.1 want: ^1.2.5
602 silly fetch manifest call-bind-apply-helpers@^1.0.2
603 silly packumentCache full:https://registry.npmjs.org/call-bind-apply-helpers cache-miss
604 http fetch GET 200 https://registry.npmjs.org/call-bind-apply-helpers 19ms (cache miss)
605 silly packumentCache full:https://registry.npmjs.org/call-bind-apply-helpers set size:undefined disposed:false
606 silly fetch manifest get-intrinsic@^1.3.0
607 silly packumentCache full:https://registry.npmjs.org/get-intrinsic cache-miss
608 http fetch GET 200 https://registry.npmjs.org/get-intrinsic 3ms (cache hit)
609 silly packumentCache full:https://registry.npmjs.org/get-intrinsic set size:60985 disposed:false
610 silly fetch manifest gopd@^1.2.0
611 silly packumentCache full:https://registry.npmjs.org/gopd cache-miss
612 http fetch GET 200 https://registry.npmjs.org/gopd 44ms (cache miss)
613 silly packumentCache full:https://registry.npmjs.org/gopd set size:undefined disposed:false
614 silly fetch manifest get-proto@^1.0.1
615 silly packumentCache full:https://registry.npmjs.org/get-proto cache-miss
616 http fetch GET 200 https://registry.npmjs.org/get-proto 21ms (cache miss)
617 silly packumentCache full:https://registry.npmjs.org/get-proto set size:undefined disposed:false
618 silly fetch manifest has-symbols@^1.1.0
619 silly packumentCache full:https://registry.npmjs.org/has-symbols cache-miss
620 http fetch GET 200 https://registry.npmjs.org/has-symbols 23ms (cache miss)
621 silly packumentCache full:https://registry.npmjs.org/has-symbols set size:undefined disposed:false
622 silly fetch manifest es-object-atoms@^1.1.1
623 silly packumentCache full:https://registry.npmjs.org/es-object-atoms cache-miss
624 http fetch GET 200 https://registry.npmjs.org/es-object-atoms 19ms (cache miss)
625 silly packumentCache full:https://registry.npmjs.org/es-object-atoms set size:undefined disposed:false
626 silly fetch manifest math-intrinsics@^1.1.0
627 silly packumentCache full:https://registry.npmjs.org/math-intrinsics cache-miss
628 http fetch GET 200 https://registry.npmjs.org/math-intrinsics 20ms (cache miss)
629 silly packumentCache full:https://registry.npmjs.org/math-intrinsics set size:undefined disposed:false
630 silly placeDep ROOT call-bind-apply-helpers@1.0.2 OK for: call-bound@1.0.4 want: ^1.0.2
631 silly placeDep ROOT es-object-atoms@1.1.2 OK for: get-intrinsic@1.3.0 want: ^1.1.1
632 silly placeDep ROOT get-proto@1.0.1 OK for: get-intrinsic@1.3.0 want: ^1.0.1
633 silly placeDep ROOT gopd@1.2.0 OK for: get-intrinsic@1.3.0 want: ^1.2.0
634 silly placeDep ROOT has-symbols@1.1.0 OK for: get-intrinsic@1.3.0 want: ^1.1.0
635 silly placeDep ROOT math-intrinsics@1.1.0 OK for: get-intrinsic@1.3.0 want: ^1.1.0
636 silly fetch manifest dunder-proto@^1.0.1
637 silly packumentCache full:https://registry.npmjs.org/dunder-proto cache-miss
638 http fetch GET 200 https://registry.npmjs.org/dunder-proto 19ms (cache miss)
639 silly packumentCache full:https://registry.npmjs.org/dunder-proto set size:undefined disposed:false
640 silly placeDep ROOT dunder-proto@1.0.1 OK for: get-proto@1.0.1 want: ^1.0.1
641 silly placeDep node_modules/string_decoder safe-buffer@5.1.2 OK for: string_decoder@1.1.1 want: ~5.1.0
642 silly placeDep ROOT media-typer@0.3.0 OK for: type-is@1.6.18 want: 0.3.0
643 silly placeDep node_modules/body-parser ms@2.0.0 OK for: debug@2.6.9 want: 2.0.0
644 silly placeDep node_modules/express ms@2.0.0 OK for: debug@2.6.9 want: 2.0.0
645 silly placeDep node_modules/finalhandler ms@2.0.0 OK for: debug@2.6.9 want: 2.0.0
646 silly placeDep node_modules/send/node_modules/debug ms@2.0.0 OK for: debug@2.6.9 want: 2.0.0
647 verbose type range
648 verbose stack @google/genai: No matching version found for @google/genai@^0.1.2.
648 verbose stack     at module.exports (/usr/lib/node_modules/npm/node_modules/npm-pick-manifest/lib/index.js:215:23)
648 verbose stack     at RegistryFetcher.manifest (/usr/lib/node_modules/npm/node_modules/pacote/lib/registry.js:130:54)
648 verbose stack     at async #fetchManifest (/usr/lib/node_modules/npm/node_modules/@npmcli/arborist/lib/arborist/build-ideal-tree.js:1199:20)
648 verbose stack     at async #nodeFromEdge (/usr/lib/node_modules/npm/node_modules/@npmcli/arborist/lib/arborist/build-ideal-tree.js:1037:19)
648 verbose stack     at async #buildDepStep (/usr/lib/node_modules/npm/node_modules/@npmcli/arborist/lib/arborist/build-ideal-tree.js:901:11)
648 verbose stack     at async Arborist.buildIdealTree (/usr/lib/node_modules/npm/node_modules/@npmcli/arborist/lib/arborist/build-ideal-tree.js:181:7)
648 verbose stack     at async Promise.all (index 1)
648 verbose stack     at async Arborist.reify (/usr/lib/node_modules/npm/node_modules/@npmcli/arborist/lib/arborist/reify.js:131:5)
648 verbose stack     at async Install.exec (/usr/lib/node_modules/npm/lib/commands/install.js:150:5)
648 verbose stack     at async Npm.exec (/usr/lib/node_modules/npm/lib/npm.js:207:9)
649 error code ETARGET
650 error notarget No matching version found for @google/genai@^0.1.2.
651 error notarget In most cases you or one of your dependencies are requesting
651 error notarget a package version that doesn't exist.
652 silly unfinished npm timer reify 1786193345461
653 silly unfinished npm timer reify:loadTrees 1786193345463
654 verbose cwd /home/user
655 verbose os Linux 6.1.158+
656 verbose node v20.20.2
657 verbose npm  v10.8.2
658 verbose exit 1
659 verbose code 1
660 error A complete log of this run can be found in: /home/user/.npm/_logs/2026-08-08T12_49_05_251Z-debug-0.log
