0 verbose cli /usr/bin/node /usr/lib/node_modules/npm/bin/npm-cli.js
1 info using npm@10.8.2
2 info using node@v20.20.2
3 silly config load:file:/usr/lib/node_modules/npm/npmrc
4 silly config load:file:/home/user/.npmrc
5 silly config load:file:/usr/etc/npmrc
6 verbose title npm exec tsx watch server/index.ts
7 verbose argv "exec" "--" "tsx" "watch" "server/index.ts"
8 verbose logfile logs-max:10 dir:/home/user/.npm/_logs/2026-08-08T12_48_46_712Z-
9 verbose logfile /home/user/.npm/_logs/2026-08-08T12_48_46_712Z-debug-0.log
10 silly logfile done cleaning log files
11 silly packumentCache heap:998768640 maxSize:249692160 maxEntrySize:124846080
12 http fetch GET 200 https://registry.npmjs.org/tsx 126ms (cache miss)
13 silly packumentCache heap:998768640 maxSize:249692160 maxEntrySize:124846080
14 silly packumentCache heap:998768640 maxSize:249692160 maxEntrySize:124846080
15 warn exec The following package was not found and will be installed: tsx@4.23.11
16 silly idealTree buildDeps
17 silly fetch manifest tsx@4.23.11
18 silly packumentCache full:https://registry.npmjs.org/tsx cache-miss
19 http fetch GET 200 https://registry.npmjs.org/tsx 40ms (cache miss)
20 silly packumentCache full:https://registry.npmjs.org/tsx set size:undefined disposed:false
21 silly placeDep ROOT tsx@4.23.11 OK for:  want: 4.23.11
22 silly fetch manifest esbuild@~0.28.0
23 silly packumentCache full:https://registry.npmjs.org/esbuild cache-miss
24 http fetch GET 200 https://registry.npmjs.org/esbuild 90ms (cache miss)
25 silly packumentCache full:https://registry.npmjs.org/esbuild set size:undefined disposed:false
26 silly fetch manifest fsevents@~2.3.3
27 silly packumentCache full:https://registry.npmjs.org/fsevents cache-miss
28 http fetch GET 200 https://registry.npmjs.org/fsevents 33ms (cache miss)
29 silly packumentCache full:https://registry.npmjs.org/fsevents set size:undefined disposed:false
30 silly placeDep ROOT esbuild@0.28.1 OK for: tsx@4.23.11 want: ~0.28.0
31 silly placeDep ROOT fsevents@2.3.3 OK for: tsx@4.23.11 want: ~2.3.3
32 silly fetch manifest @esbuild/aix-ppc64@0.28.1
33 silly packumentCache full:https://registry.npmjs.org/@esbuild%2faix-ppc64 cache-miss
34 http fetch GET 200 https://registry.npmjs.org/@esbuild%2faix-ppc64 44ms (cache miss)
35 silly packumentCache full:https://registry.npmjs.org/@esbuild%2faix-ppc64 set size:undefined disposed:false
36 silly fetch manifest @esbuild/android-arm@0.28.1
37 silly packumentCache full:https://registry.npmjs.org/@esbuild%2fandroid-arm cache-miss
38 http fetch GET 200 https://registry.npmjs.org/@esbuild%2fandroid-arm 50ms (cache miss)
39 silly packumentCache full:https://registry.npmjs.org/@esbuild%2fandroid-arm set size:undefined disposed:false
40 silly fetch manifest @esbuild/android-arm64@0.28.1
41 silly packumentCache full:https://registry.npmjs.org/@esbuild%2fandroid-arm64 cache-miss
42 http fetch GET 200 https://registry.npmjs.org/@esbuild%2fandroid-arm64 48ms (cache miss)
43 silly packumentCache full:https://registry.npmjs.org/@esbuild%2fandroid-arm64 set size:undefined disposed:false
44 silly fetch manifest @esbuild/android-x64@0.28.1
45 silly packumentCache full:https://registry.npmjs.org/@esbuild%2fandroid-x64 cache-miss
46 http fetch GET 200 https://registry.npmjs.org/@esbuild%2fandroid-x64 49ms (cache miss)
47 silly packumentCache full:https://registry.npmjs.org/@esbuild%2fandroid-x64 set size:undefined disposed:false
48 silly fetch manifest @esbuild/darwin-arm64@0.28.1
49 silly packumentCache full:https://registry.npmjs.org/@esbuild%2fdarwin-arm64 cache-miss
50 http fetch GET 200 https://registry.npmjs.org/@esbuild%2fdarwin-arm64 48ms (cache miss)
51 silly packumentCache full:https://registry.npmjs.org/@esbuild%2fdarwin-arm64 set size:undefined disposed:false
52 silly fetch manifest @esbuild/darwin-x64@0.28.1
53 silly packumentCache full:https://registry.npmjs.org/@esbuild%2fdarwin-x64 cache-miss
54 http fetch GET 200 https://registry.npmjs.org/@esbuild%2fdarwin-x64 63ms (cache miss)
55 silly packumentCache full:https://registry.npmjs.org/@esbuild%2fdarwin-x64 set size:undefined disposed:false
56 silly fetch manifest @esbuild/freebsd-arm64@0.28.1
57 silly packumentCache full:https://registry.npmjs.org/@esbuild%2ffreebsd-arm64 cache-miss
58 http fetch GET 200 https://registry.npmjs.org/@esbuild%2ffreebsd-arm64 45ms (cache miss)
59 silly packumentCache full:https://registry.npmjs.org/@esbuild%2ffreebsd-arm64 set size:undefined disposed:false
60 silly fetch manifest @esbuild/freebsd-x64@0.28.1
61 silly packumentCache full:https://registry.npmjs.org/@esbuild%2ffreebsd-x64 cache-miss
62 http fetch GET 200 https://registry.npmjs.org/@esbuild%2ffreebsd-x64 45ms (cache miss)
63 silly packumentCache full:https://registry.npmjs.org/@esbuild%2ffreebsd-x64 set size:undefined disposed:false
64 silly fetch manifest @esbuild/linux-arm@0.28.1
65 silly packumentCache full:https://registry.npmjs.org/@esbuild%2flinux-arm cache-miss
66 http fetch GET 200 https://registry.npmjs.org/@esbuild%2flinux-arm 54ms (cache miss)
67 silly packumentCache full:https://registry.npmjs.org/@esbuild%2flinux-arm set size:undefined disposed:false
68 silly fetch manifest @esbuild/linux-arm64@0.28.1
69 silly packumentCache full:https://registry.npmjs.org/@esbuild%2flinux-arm64 cache-miss
70 http fetch GET 200 https://registry.npmjs.org/@esbuild%2flinux-arm64 61ms (cache miss)
71 silly packumentCache full:https://registry.npmjs.org/@esbuild%2flinux-arm64 set size:undefined disposed:false
72 silly fetch manifest @esbuild/linux-ia32@0.28.1
73 silly packumentCache full:https://registry.npmjs.org/@esbuild%2flinux-ia32 cache-miss
74 http fetch GET 200 https://registry.npmjs.org/@esbuild%2flinux-ia32 79ms (cache miss)
75 silly packumentCache full:https://registry.npmjs.org/@esbuild%2flinux-ia32 set size:undefined disposed:false
76 silly fetch manifest @esbuild/linux-loong64@0.28.1
77 silly packumentCache full:https://registry.npmjs.org/@esbuild%2flinux-loong64 cache-miss
78 http fetch GET 200 https://registry.npmjs.org/@esbuild%2flinux-loong64 58ms (cache miss)
79 silly packumentCache full:https://registry.npmjs.org/@esbuild%2flinux-loong64 set size:undefined disposed:false
80 silly fetch manifest @esbuild/linux-mips64el@0.28.1
81 silly packumentCache full:https://registry.npmjs.org/@esbuild%2flinux-mips64el cache-miss
82 http fetch GET 200 https://registry.npmjs.org/@esbuild%2flinux-mips64el 51ms (cache miss)
83 silly packumentCache full:https://registry.npmjs.org/@esbuild%2flinux-mips64el set size:undefined disposed:false
84 silly fetch manifest @esbuild/linux-ppc64@0.28.1
85 silly packumentCache full:https://registry.npmjs.org/@esbuild%2flinux-ppc64 cache-miss
86 http fetch GET 200 https://registry.npmjs.org/@esbuild%2flinux-ppc64 54ms (cache miss)
87 silly packumentCache full:https://registry.npmjs.org/@esbuild%2flinux-ppc64 set size:undefined disposed:false
88 silly fetch manifest @esbuild/linux-riscv64@0.28.1
89 silly packumentCache full:https://registry.npmjs.org/@esbuild%2flinux-riscv64 cache-miss
90 http fetch GET 200 https://registry.npmjs.org/@esbuild%2flinux-riscv64 47ms (cache miss)
91 silly packumentCache full:https://registry.npmjs.org/@esbuild%2flinux-riscv64 set size:undefined disposed:false
92 silly fetch manifest @esbuild/linux-s390x@0.28.1
93 silly packumentCache full:https://registry.npmjs.org/@esbuild%2flinux-s390x cache-miss
94 http fetch GET 200 https://registry.npmjs.org/@esbuild%2flinux-s390x 46ms (cache miss)
95 silly packumentCache full:https://registry.npmjs.org/@esbuild%2flinux-s390x set size:undefined disposed:false
96 silly fetch manifest @esbuild/linux-x64@0.28.1
97 silly packumentCache full:https://registry.npmjs.org/@esbuild%2flinux-x64 cache-miss
98 http fetch GET 200 https://registry.npmjs.org/@esbuild%2flinux-x64 50ms (cache miss)
99 silly packumentCache full:https://registry.npmjs.org/@esbuild%2flinux-x64 set size:undefined disposed:false
100 silly fetch manifest @esbuild/netbsd-arm64@0.28.1
101 silly packumentCache full:https://registry.npmjs.org/@esbuild%2fnetbsd-arm64 cache-miss
102 http fetch GET 200 https://registry.npmjs.org/@esbuild%2fnetbsd-arm64 43ms (cache miss)
103 silly packumentCache full:https://registry.npmjs.org/@esbuild%2fnetbsd-arm64 set size:undefined disposed:false
104 silly fetch manifest @esbuild/netbsd-x64@0.28.1
105 silly packumentCache full:https://registry.npmjs.org/@esbuild%2fnetbsd-x64 cache-miss
106 http fetch GET 200 https://registry.npmjs.org/@esbuild%2fnetbsd-x64 47ms (cache miss)
107 silly packumentCache full:https://registry.npmjs.org/@esbuild%2fnetbsd-x64 set size:undefined disposed:false
108 silly fetch manifest @esbuild/openbsd-arm64@0.28.1
109 silly packumentCache full:https://registry.npmjs.org/@esbuild%2fopenbsd-arm64 cache-miss
110 http fetch GET 200 https://registry.npmjs.org/@esbuild%2fopenbsd-arm64 39ms (cache miss)
111 silly packumentCache full:https://registry.npmjs.org/@esbuild%2fopenbsd-arm64 set size:undefined disposed:false
112 silly fetch manifest @esbuild/openbsd-x64@0.28.1
113 silly packumentCache full:https://registry.npmjs.org/@esbuild%2fopenbsd-x64 cache-miss
114 http fetch GET 200 https://registry.npmjs.org/@esbuild%2fopenbsd-x64 47ms (cache miss)
115 silly packumentCache full:https://registry.npmjs.org/@esbuild%2fopenbsd-x64 set size:undefined disposed:false
116 silly fetch manifest @esbuild/openharmony-arm64@0.28.1
117 silly packumentCache full:https://registry.npmjs.org/@esbuild%2fopenharmony-arm64 cache-miss
118 http fetch GET 200 https://registry.npmjs.org/@esbuild%2fopenharmony-arm64 42ms (cache miss)
119 silly packumentCache full:https://registry.npmjs.org/@esbuild%2fopenharmony-arm64 set size:undefined disposed:false
120 silly fetch manifest @esbuild/sunos-x64@0.28.1
121 silly packumentCache full:https://registry.npmjs.org/@esbuild%2fsunos-x64 cache-miss
122 http fetch GET 200 https://registry.npmjs.org/@esbuild%2fsunos-x64 47ms (cache miss)
123 silly packumentCache full:https://registry.npmjs.org/@esbuild%2fsunos-x64 set size:undefined disposed:false
124 silly fetch manifest @esbuild/win32-arm64@0.28.1
125 silly packumentCache full:https://registry.npmjs.org/@esbuild%2fwin32-arm64 cache-miss
126 http fetch GET 200 https://registry.npmjs.org/@esbuild%2fwin32-arm64 42ms (cache miss)
127 silly packumentCache full:https://registry.npmjs.org/@esbuild%2fwin32-arm64 set size:undefined disposed:false
128 silly fetch manifest @esbuild/win32-ia32@0.28.1
129 silly packumentCache full:https://registry.npmjs.org/@esbuild%2fwin32-ia32 cache-miss
130 http fetch GET 200 https://registry.npmjs.org/@esbuild%2fwin32-ia32 49ms (cache miss)
131 silly packumentCache full:https://registry.npmjs.org/@esbuild%2fwin32-ia32 set size:undefined disposed:false
132 silly fetch manifest @esbuild/win32-x64@0.28.1
133 silly packumentCache full:https://registry.npmjs.org/@esbuild%2fwin32-x64 cache-miss
134 http fetch GET 200 https://registry.npmjs.org/@esbuild%2fwin32-x64 61ms (cache miss)
135 silly packumentCache full:https://registry.npmjs.org/@esbuild%2fwin32-x64 set size:undefined disposed:false
136 silly placeDep ROOT @esbuild/aix-ppc64@0.28.1 OK for: esbuild@0.28.1 want: 0.28.1
137 silly placeDep ROOT @esbuild/android-arm@0.28.1 OK for: esbuild@0.28.1 want: 0.28.1
138 silly placeDep ROOT @esbuild/android-arm64@0.28.1 OK for: esbuild@0.28.1 want: 0.28.1
139 silly placeDep ROOT @esbuild/android-x64@0.28.1 OK for: esbuild@0.28.1 want: 0.28.1
140 silly placeDep ROOT @esbuild/darwin-arm64@0.28.1 OK for: esbuild@0.28.1 want: 0.28.1
141 silly placeDep ROOT @esbuild/darwin-x64@0.28.1 OK for: esbuild@0.28.1 want: 0.28.1
142 silly placeDep ROOT @esbuild/freebsd-arm64@0.28.1 OK for: esbuild@0.28.1 want: 0.28.1
143 silly placeDep ROOT @esbuild/freebsd-x64@0.28.1 OK for: esbuild@0.28.1 want: 0.28.1
144 silly placeDep ROOT @esbuild/linux-arm@0.28.1 OK for: esbuild@0.28.1 want: 0.28.1
145 silly placeDep ROOT @esbuild/linux-arm64@0.28.1 OK for: esbuild@0.28.1 want: 0.28.1
146 silly placeDep ROOT @esbuild/linux-ia32@0.28.1 OK for: esbuild@0.28.1 want: 0.28.1
147 silly placeDep ROOT @esbuild/linux-loong64@0.28.1 OK for: esbuild@0.28.1 want: 0.28.1
148 silly placeDep ROOT @esbuild/linux-mips64el@0.28.1 OK for: esbuild@0.28.1 want: 0.28.1
149 silly placeDep ROOT @esbuild/linux-ppc64@0.28.1 OK for: esbuild@0.28.1 want: 0.28.1
150 silly placeDep ROOT @esbuild/linux-riscv64@0.28.1 OK for: esbuild@0.28.1 want: 0.28.1
151 silly placeDep ROOT @esbuild/linux-s390x@0.28.1 OK for: esbuild@0.28.1 want: 0.28.1
152 silly placeDep ROOT @esbuild/linux-x64@0.28.1 OK for: esbuild@0.28.1 want: 0.28.1
153 silly placeDep ROOT @esbuild/netbsd-arm64@0.28.1 OK for: esbuild@0.28.1 want: 0.28.1
154 silly placeDep ROOT @esbuild/netbsd-x64@0.28.1 OK for: esbuild@0.28.1 want: 0.28.1
155 silly placeDep ROOT @esbuild/openbsd-arm64@0.28.1 OK for: esbuild@0.28.1 want: 0.28.1
156 silly placeDep ROOT @esbuild/openbsd-x64@0.28.1 OK for: esbuild@0.28.1 want: 0.28.1
157 silly placeDep ROOT @esbuild/openharmony-arm64@0.28.1 OK for: esbuild@0.28.1 want: 0.28.1
158 silly placeDep ROOT @esbuild/sunos-x64@0.28.1 OK for: esbuild@0.28.1 want: 0.28.1
159 silly placeDep ROOT @esbuild/win32-arm64@0.28.1 OK for: esbuild@0.28.1 want: 0.28.1
160 silly placeDep ROOT @esbuild/win32-ia32@0.28.1 OK for: esbuild@0.28.1 want: 0.28.1
161 silly placeDep ROOT @esbuild/win32-x64@0.28.1 OK for: esbuild@0.28.1 want: 0.28.1
162 silly reify moves {}
163 silly audit bulk request {
163 silly audit   tsx: [ '4.23.11' ],
163 silly audit   esbuild: [ '0.28.1' ],
163 silly audit   fsevents: [ '2.3.3' ],
163 silly audit   '@esbuild/aix-ppc64': [ '0.28.1' ],
163 silly audit   '@esbuild/android-arm': [ '0.28.1' ],
163 silly audit   '@esbuild/android-arm64': [ '0.28.1' ],
163 silly audit   '@esbuild/android-x64': [ '0.28.1' ],
163 silly audit   '@esbuild/darwin-arm64': [ '0.28.1' ],
163 silly audit   '@esbuild/darwin-x64': [ '0.28.1' ],
163 silly audit   '@esbuild/freebsd-arm64': [ '0.28.1' ],
163 silly audit   '@esbuild/freebsd-x64': [ '0.28.1' ],
163 silly audit   '@esbuild/linux-arm': [ '0.28.1' ],
163 silly audit   '@esbuild/linux-arm64': [ '0.28.1' ],
163 silly audit   '@esbuild/linux-ia32': [ '0.28.1' ],
163 silly audit   '@esbuild/linux-loong64': [ '0.28.1' ],
163 silly audit   '@esbuild/linux-mips64el': [ '0.28.1' ],
163 silly audit   '@esbuild/linux-ppc64': [ '0.28.1' ],
163 silly audit   '@esbuild/linux-riscv64': [ '0.28.1' ],
163 silly audit   '@esbuild/linux-s390x': [ '0.28.1' ],
163 silly audit   '@esbuild/linux-x64': [ '0.28.1' ],
163 silly audit   '@esbuild/netbsd-arm64': [ '0.28.1' ],
163 silly audit   '@esbuild/netbsd-x64': [ '0.28.1' ],
163 silly audit   '@esbuild/openbsd-arm64': [ '0.28.1' ],
163 silly audit   '@esbuild/openbsd-x64': [ '0.28.1' ],
163 silly audit   '@esbuild/openharmony-arm64': [ '0.28.1' ],
163 silly audit   '@esbuild/sunos-x64': [ '0.28.1' ],
163 silly audit   '@esbuild/win32-arm64': [ '0.28.1' ],
163 silly audit   '@esbuild/win32-ia32': [ '0.28.1' ],
163 silly audit   '@esbuild/win32-x64': [ '0.28.1' ]
163 silly audit }
164 verbose reify failed optional dependency /home/user/.npm/_npx/fd45a72a545557e9/node_modules/@esbuild/win32-x64
165 silly reify mark deleted [
165 silly reify   '/home/user/.npm/_npx/fd45a72a545557e9/node_modules/@esbuild/win32-x64'
165 silly reify ]
166 verbose reify failed optional dependency /home/user/.npm/_npx/fd45a72a545557e9/node_modules/@esbuild/win32-ia32
167 silly reify mark deleted [
167 silly reify   '/home/user/.npm/_npx/fd45a72a545557e9/node_modules/@esbuild/win32-ia32'
167 silly reify ]
168 verbose reify failed optional dependency /home/user/.npm/_npx/fd45a72a545557e9/node_modules/@esbuild/win32-arm64
169 silly reify mark deleted [
169 silly reify   '/home/user/.npm/_npx/fd45a72a545557e9/node_modules/@esbuild/win32-arm64'
169 silly reify ]
170 verbose reify failed optional dependency /home/user/.npm/_npx/fd45a72a545557e9/node_modules/@esbuild/sunos-x64
171 silly reify mark deleted [
171 silly reify   '/home/user/.npm/_npx/fd45a72a545557e9/node_modules/@esbuild/sunos-x64'
171 silly reify ]
172 verbose reify failed optional dependency /home/user/.npm/_npx/fd45a72a545557e9/node_modules/@esbuild/openharmony-arm64
173 silly reify mark deleted [
173 silly reify   '/home/user/.npm/_npx/fd45a72a545557e9/node_modules/@esbuild/openharmony-arm64'
173 silly reify ]
174 verbose reify failed optional dependency /home/user/.npm/_npx/fd45a72a545557e9/node_modules/@esbuild/openbsd-x64
175 silly reify mark deleted [
175 silly reify   '/home/user/.npm/_npx/fd45a72a545557e9/node_modules/@esbuild/openbsd-x64'
175 silly reify ]
176 verbose reify failed optional dependency /home/user/.npm/_npx/fd45a72a545557e9/node_modules/@esbuild/openbsd-arm64
177 silly reify mark deleted [
177 silly reify   '/home/user/.npm/_npx/fd45a72a545557e9/node_modules/@esbuild/openbsd-arm64'
177 silly reify ]
178 verbose reify failed optional dependency /home/user/.npm/_npx/fd45a72a545557e9/node_modules/@esbuild/netbsd-x64
179 silly reify mark deleted [
179 silly reify   '/home/user/.npm/_npx/fd45a72a545557e9/node_modules/@esbuild/netbsd-x64'
179 silly reify ]
180 verbose reify failed optional dependency /home/user/.npm/_npx/fd45a72a545557e9/node_modules/@esbuild/netbsd-arm64
181 silly reify mark deleted [
181 silly reify   '/home/user/.npm/_npx/fd45a72a545557e9/node_modules/@esbuild/netbsd-arm64'
181 silly reify ]
182 verbose reify failed optional dependency /home/user/.npm/_npx/fd45a72a545557e9/node_modules/@esbuild/linux-s390x
183 silly reify mark deleted [
183 silly reify   '/home/user/.npm/_npx/fd45a72a545557e9/node_modules/@esbuild/linux-s390x'
183 silly reify ]
184 verbose reify failed optional dependency /home/user/.npm/_npx/fd45a72a545557e9/node_modules/@esbuild/linux-riscv64
185 silly reify mark deleted [
185 silly reify   '/home/user/.npm/_npx/fd45a72a545557e9/node_modules/@esbuild/linux-riscv64'
185 silly reify ]
186 verbose reify failed optional dependency /home/user/.npm/_npx/fd45a72a545557e9/node_modules/@esbuild/linux-ppc64
187 silly reify mark deleted [
187 silly reify   '/home/user/.npm/_npx/fd45a72a545557e9/node_modules/@esbuild/linux-ppc64'
187 silly reify ]
188 verbose reify failed optional dependency /home/user/.npm/_npx/fd45a72a545557e9/node_modules/@esbuild/linux-mips64el
189 silly reify mark deleted [
189 silly reify   '/home/user/.npm/_npx/fd45a72a545557e9/node_modules/@esbuild/linux-mips64el'
189 silly reify ]
190 verbose reify failed optional dependency /home/user/.npm/_npx/fd45a72a545557e9/node_modules/@esbuild/linux-loong64
191 silly reify mark deleted [
191 silly reify   '/home/user/.npm/_npx/fd45a72a545557e9/node_modules/@esbuild/linux-loong64'
191 silly reify ]
192 verbose reify failed optional dependency /home/user/.npm/_npx/fd45a72a545557e9/node_modules/@esbuild/linux-ia32
193 silly reify mark deleted [
193 silly reify   '/home/user/.npm/_npx/fd45a72a545557e9/node_modules/@esbuild/linux-ia32'
193 silly reify ]
194 verbose reify failed optional dependency /home/user/.npm/_npx/fd45a72a545557e9/node_modules/@esbuild/linux-arm64
195 silly reify mark deleted [
195 silly reify   '/home/user/.npm/_npx/fd45a72a545557e9/node_modules/@esbuild/linux-arm64'
195 silly reify ]
196 verbose reify failed optional dependency /home/user/.npm/_npx/fd45a72a545557e9/node_modules/@esbuild/linux-arm
197 silly reify mark deleted [
197 silly reify   '/home/user/.npm/_npx/fd45a72a545557e9/node_modules/@esbuild/linux-arm'
197 silly reify ]
198 verbose reify failed optional dependency /home/user/.npm/_npx/fd45a72a545557e9/node_modules/@esbuild/freebsd-x64
199 silly reify mark deleted [
199 silly reify   '/home/user/.npm/_npx/fd45a72a545557e9/node_modules/@esbuild/freebsd-x64'
199 silly reify ]
200 verbose reify failed optional dependency /home/user/.npm/_npx/fd45a72a545557e9/node_modules/@esbuild/freebsd-arm64
201 silly reify mark deleted [
201 silly reify   '/home/user/.npm/_npx/fd45a72a545557e9/node_modules/@esbuild/freebsd-arm64'
201 silly reify ]
202 verbose reify failed optional dependency /home/user/.npm/_npx/fd45a72a545557e9/node_modules/@esbuild/darwin-x64
203 silly reify mark deleted [
203 silly reify   '/home/user/.npm/_npx/fd45a72a545557e9/node_modules/@esbuild/darwin-x64'
203 silly reify ]
204 verbose reify failed optional dependency /home/user/.npm/_npx/fd45a72a545557e9/node_modules/@esbuild/darwin-arm64
205 silly reify mark deleted [
205 silly reify   '/home/user/.npm/_npx/fd45a72a545557e9/node_modules/@esbuild/darwin-arm64'
205 silly reify ]
206 verbose reify failed optional dependency /home/user/.npm/_npx/fd45a72a545557e9/node_modules/@esbuild/android-x64
207 silly reify mark deleted [
207 silly reify   '/home/user/.npm/_npx/fd45a72a545557e9/node_modules/@esbuild/android-x64'
207 silly reify ]
208 verbose reify failed optional dependency /home/user/.npm/_npx/fd45a72a545557e9/node_modules/@esbuild/android-arm64
209 silly reify mark deleted [
209 silly reify   '/home/user/.npm/_npx/fd45a72a545557e9/node_modules/@esbuild/android-arm64'
209 silly reify ]
210 verbose reify failed optional dependency /home/user/.npm/_npx/fd45a72a545557e9/node_modules/@esbuild/android-arm
211 silly reify mark deleted [
211 silly reify   '/home/user/.npm/_npx/fd45a72a545557e9/node_modules/@esbuild/android-arm'
211 silly reify ]
212 verbose reify failed optional dependency /home/user/.npm/_npx/fd45a72a545557e9/node_modules/@esbuild/aix-ppc64
213 silly reify mark deleted [
213 silly reify   '/home/user/.npm/_npx/fd45a72a545557e9/node_modules/@esbuild/aix-ppc64'
213 silly reify ]
214 verbose reify failed optional dependency /home/user/.npm/_npx/fd45a72a545557e9/node_modules/fsevents
215 silly reify mark deleted [ '/home/user/.npm/_npx/fd45a72a545557e9/node_modules/fsevents' ]
216 silly tarball no local data for @esbuild/linux-x64@https://registry.npmjs.org/@esbuild/linux-x64/-/linux-x64-0.28.1.tgz. Extracting by manifest.
217 silly tarball no local data for esbuild@https://registry.npmjs.org/esbuild/-/esbuild-0.28.1.tgz. Extracting by manifest.
218 silly tarball no local data for tsx@https://registry.npmjs.org/tsx/-/tsx-4.23.11.tgz. Extracting by manifest.
219 http fetch POST 200 https://registry.npmjs.org/-/npm/v1/security/advisories/bulk 43ms
220 silly audit report {}
221 http fetch GET 200 https://registry.npmjs.org/esbuild/-/esbuild-0.28.1.tgz 99ms (cache miss)
222 http fetch GET 200 https://registry.npmjs.org/tsx/-/tsx-4.23.11.tgz 161ms (cache miss)
223 http fetch GET 200 https://registry.npmjs.org/@esbuild/linux-x64/-/linux-x64-0.28.1.tgz 295ms (cache miss)
224 info run esbuild@0.28.1 postinstall node_modules/esbuild node install.js
225 info run esbuild@0.28.1 postinstall { code: 0, signal: null }
